// Jest Snapshot v1, https://goo.gl/fbAQLP

exports[`Favorites should match the snapshot with certain favorites 1`] = `
<ContextConsumer>
  <Component />
</ContextConsumer>
`;

exports[`Favorites should match the snapshot with no favorites 1`] = `
<ContextConsumer>
  <Component />
</ContextConsumer>
`;
